
12/08/2026, 3:05:05 AM - ERROR: Download of “https://fonts.gstatic.com”, referred from “/Users/ahmadaltaweel/Downloads/us.sitesucker.mac.sitesucker-pro/www.noth.in/index.html”, failed with error code 404 (not found)
12/08/2026, 3:05:05 AM - ERROR: Download of “https://fonts.googleapis.com”, referred from “/Users/ahmadaltaweel/Downloads/us.sitesucker.mac.sitesucker-pro/www.noth.in/index.html”, failed with error code 404 (not found)
12/08/2026, 3:05:05 AM - ERROR: Download of “https://cdn.prod.website-files.com”, referred from “/Users/ahmadaltaweel/Downloads/us.sitesucker.mac.sitesucker-pro/www.noth.in/index.html”, failed with error code 403 (forbidden)
12/08/2026, 3:05:05 AM - ERROR: Download of “https://cdn.prod.website-files.com”, referred from “/Users/ahmadaltaweel/Downloads/us.sitesucker.mac.sitesucker-pro/www.noth.in/works.html”, failed with error code 403 (forbidden)
12/08/2026, 3:05:05 AM - ERROR: Download of “https://fonts.googleapis.com”, referred from “/Users/ahmadaltaweel/Downloads/us.sitesucker.mac.sitesucker-pro/www.noth.in/works.html”, failed with error code 404 (not found)
12/08/2026, 3:05:05 AM - ERROR: Download of “https://fonts.gstatic.com”, referred from “/Users/ahmadaltaweel/Downloads/us.sitesucker.mac.sitesucker-pro/www.noth.in/works.html”, failed with error code 404 (not found)
12/08/2026, 3:05:06 AM - ERROR: Download of “https://cdn.prod.website-files.com”, referred from “/Users/ahmadaltaweel/Downloads/us.sitesucker.mac.sitesucker-pro/www.noth.in/works/utopia.html”, failed with error code 403 (forbidden)
12/08/2026, 3:05:06 AM - ERROR: Download of “https://fonts.googleapis.com”, referred from “/Users/ahmadaltaweel/Downloads/us.sitesucker.mac.sitesucker-pro/www.noth.in/works/utopia.html”, failed with error code 404 (not found)
12/08/2026, 3:05:06 AM - ERROR: Download of “https://fonts.gstatic.com”, referred from “/Users/ahmadaltaweel/Downloads/us.sitesucker.mac.sitesucker-pro/www.noth.in/works/utopia.html”, failed with error code 404 (not found)
12/08/2026, 3:05:06 AM - ERROR: Download of “https://cdn.prod.website-files.com”, referred from “/Users/ahmadaltaweel/Downloads/us.sitesucker.mac.sitesucker-pro/www.noth.in/works/aurbse.html”, failed with error code 403 (forbidden)
12/08/2026, 3:05:06 AM - ERROR: Download of “https://fonts.googleapis.com”, referred from “/Users/ahmadaltaweel/Downloads/us.sitesucker.mac.sitesucker-pro/www.noth.in/works/aurbse.html”, failed with error code 404 (not found)
12/08/2026, 3:05:06 AM - ERROR: Download of “https://fonts.gstatic.com”, referred from “/Users/ahmadaltaweel/Downloads/us.sitesucker.mac.sitesucker-pro/www.noth.in/works/aurbse.html”, failed with error code 404 (not found)
12/08/2026, 3:05:07 AM - ERROR: Download of “https://cdn.prod.website-files.com”, referred from “/Users/ahmadaltaweel/Downloads/us.sitesucker.mac.sitesucker-pro/www.noth.in/works/in-cognita.html”, failed with error code 403 (forbidden)
12/08/2026, 3:05:07 AM - ERROR: Download of “https://fonts.googleapis.com”, referred from “/Users/ahmadaltaweel/Downloads/us.sitesucker.mac.sitesucker-pro/www.noth.in/works/in-cognita.html”, failed with error code 404 (not found)
12/08/2026, 3:05:07 AM - ERROR: Download of “https://fonts.gstatic.com”, referred from “/Users/ahmadaltaweel/Downloads/us.sitesucker.mac.sitesucker-pro/www.noth.in/works/in-cognita.html”, failed with error code 404 (not found)
12/08/2026, 3:05:07 AM - ERROR: Download of “https://cdn.prod.website-files.com”, referred from “/Users/ahmadaltaweel/Downloads/us.sitesucker.mac.sitesucker-pro/www.noth.in/works/lgm.html”, failed with error code 403 (forbidden)
12/08/2026, 3:05:07 AM - ERROR: Download of “https://fonts.googleapis.com”, referred from “/Users/ahmadaltaweel/Downloads/us.sitesucker.mac.sitesucker-pro/www.noth.in/works/lgm.html”, failed with error code 404 (not found)
12/08/2026, 3:05:07 AM - ERROR: Download of “https://fonts.gstatic.com”, referred from “/Users/ahmadaltaweel/Downloads/us.sitesucker.mac.sitesucker-pro/www.noth.in/works/lgm.html”, failed with error code 404 (not found)
12/08/2026, 3:05:07 AM - ERROR: Download of “https://cdn.prod.website-files.com”, referred from “/Users/ahmadaltaweel/Downloads/us.sitesucker.mac.sitesucker-pro/www.noth.in/works/haptify.html”, failed with error code 403 (forbidden)
12/08/2026, 3:05:07 AM - ERROR: Download of “https://fonts.googleapis.com”, referred from “/Users/ahmadaltaweel/Downloads/us.sitesucker.mac.sitesucker-pro/www.noth.in/works/haptify.html”, failed with error code 404 (not found)
12/08/2026, 3:05:07 AM - ERROR: Download of “https://fonts.gstatic.com”, referred from “/Users/ahmadaltaweel/Downloads/us.sitesucker.mac.sitesucker-pro/www.noth.in/works/haptify.html”, failed with error code 404 (not found)
12/08/2026, 3:05:09 AM - ERROR: Download of “https://cdn.prod.website-files.com”, referred from “/Users/ahmadaltaweel/Downloads/us.sitesucker.mac.sitesucker-pro/www.noth.in/works/mova.html”, failed with error code 403 (forbidden)
12/08/2026, 3:05:09 AM - ERROR: Download of “https://fonts.googleapis.com”, referred from “/Users/ahmadaltaweel/Downloads/us.sitesucker.mac.sitesucker-pro/www.noth.in/works/mova.html”, failed with error code 404 (not found)
12/08/2026, 3:05:09 AM - ERROR: Download of “https://fonts.gstatic.com”, referred from “/Users/ahmadaltaweel/Downloads/us.sitesucker.mac.sitesucker-pro/www.noth.in/works/mova.html”, failed with error code 404 (not found)
12/08/2026, 3:05:09 AM - ERROR: Download of “https://www.linkedin.com/in/thomas-carre/”, referred from “/Users/ahmadaltaweel/Downloads/us.sitesucker.mac.sitesucker-pro/www.noth.in/index.html”, failed with error code 999 (server error)
12/08/2026, 3:05:09 AM - ERROR: Download of “https://www.linkedin.com/in/thomas-carre/”, referred from “/Users/ahmadaltaweel/Downloads/us.sitesucker.mac.sitesucker-pro/www.noth.in/works.html”, failed with error code 999 (server error)
12/08/2026, 3:05:09 AM - ERROR: Download of “https://fr.linkedin.com/in/pierre-patrault-7070a536”, referred from “/Users/ahmadaltaweel/Downloads/us.sitesucker.mac.sitesucker-pro/www.noth.in/index.html”, failed with error code 999 (server error)
12/08/2026, 3:05:09 AM - ERROR: Download of “https://fr.linkedin.com/in/pierre-patrault-7070a536”, referred from “/Users/ahmadaltaweel/Downloads/us.sitesucker.mac.sitesucker-pro/www.noth.in/works.html”, failed with error code 999 (server error)
12/08/2026, 3:05:09 AM - ERROR: Download of “https://cdn.prod.website-files.com”, referred from “/Users/ahmadaltaweel/Downloads/us.sitesucker.mac.sitesucker-pro/www.noth.in/works/france-chimie.html”, failed with error code 403 (forbidden)
12/08/2026, 3:05:09 AM - ERROR: Download of “https://fonts.googleapis.com”, referred from “/Users/ahmadaltaweel/Downloads/us.sitesucker.mac.sitesucker-pro/www.noth.in/works/france-chimie.html”, failed with error code 404 (not found)
12/08/2026, 3:05:09 AM - ERROR: Download of “https://fonts.gstatic.com”, referred from “/Users/ahmadaltaweel/Downloads/us.sitesucker.mac.sitesucker-pro/www.noth.in/works/france-chimie.html”, failed with error code 404 (not found)
12/08/2026, 3:05:09 AM - ERROR: Download of “https://www.linkedin.com/in/guillaume-perrette-02168474/”, referred from “/Users/ahmadaltaweel/Downloads/us.sitesucker.mac.sitesucker-pro/www.noth.in/index.html”, failed with error code 999 (server error)
12/08/2026, 3:05:09 AM - ERROR: Download of “https://www.linkedin.com/in/guillaume-perrette-02168474/”, referred from “/Users/ahmadaltaweel/Downloads/us.sitesucker.mac.sitesucker-pro/www.noth.in/works.html”, failed with error code 999 (server error)

---------------------
